Copyright 1986-2017 Xilinx, Inc. All Rights Reserved.
----------------------------------------------------------------------------------------------
| Tool Version : Vivado v.2017.4 (win64) Build 2086221 Fri Dec 15 20:55:39 MST 2017
| Date         : Mon Apr  2 01:47:33 2018
| Host         : DESKTOP-SAKI running 64-bit major release  (build 9200)
| Command      : report_control_sets -verbose -file TOP_reactionTimer_control_sets_placed.rpt
| Design       : TOP_reactionTimer
| Device       : xc7a100t
----------------------------------------------------------------------------------------------

Control Set Information

Table of Contents
-----------------
1. Summary
2. Flip-Flop Distribution
3. Detailed Control Set Information

1. Summary
----------

+----------------------------------------------------------+-------+
|                          Status                          | Count |
+----------------------------------------------------------+-------+
| Number of unique control sets                            |    45 |
| Unused register locations in slices containing registers |   129 |
+----------------------------------------------------------+-------+


2. Flip-Flop Distribution
-------------------------

+--------------+-----------------------+------------------------+-----------------+--------------+
| Clock Enable | Synchronous Set/Reset | Asynchronous Set/Reset | Total Registers | Total Slices |
+--------------+-----------------------+------------------------+-----------------+--------------+
| No           | No                    | No                     |              67 |           30 |
| No           | No                    | Yes                    |               0 |            0 |
| No           | Yes                   | No                     |              73 |           35 |
| Yes          | No                    | No                     |             125 |           27 |
| Yes          | No                    | Yes                    |               0 |            0 |
| Yes          | Yes                   | No                     |             782 |          251 |
+--------------+-----------------------+------------------------+-----------------+--------------+


3. Detailed Control Set Information
-----------------------------------

+---------------------------+---------------------------------------------------------------------------------------------------------+---------------------------------------------------------------------------------------------------+------------------+----------------+
|        Clock Signal       |                                              Enable Signal                                              |                                          Set/Reset Signal                                         | Slice Load Count | Bel Load Count |
+---------------------------+---------------------------------------------------------------------------------------------------------+---------------------------------------------------------------------------------------------------+------------------+----------------+
|  in_100MHzClock_IBUF_BUFG | reactionTimerProcessor/stateTestProcessor/out_audioSd_reg                                               | in_reset_IBUF                                                                                     |                2 |              2 |
|  in_100MHzClock_IBUF_BUFG | reactionTimerProcessor/statePrepareProcessor/prepareAnimation/animeClockDetector/currentFrame_reg[0][0] | reactionTimerProcessor/statePrepareProcessor/prepareAnimation/currentFrame[2]_i_1__0_n_0          |                1 |              3 |
|  in_100MHzClock_IBUF_BUFG | reactionTimerProcessor/stateResultProcessor/testResultSeperator/numberValidDetector/bcdCache_reg[29][4] |                                                                                                   |                1 |              4 |
|  in_100MHzClock_IBUF_BUFG | reactionTimerProcessor/statePrepareProcessor/prepareAnimation/animeClockDetector/E[0]                   | reactionTimerProcessor/statePrepareProcessor/prepareAnimation/animeClockDetector/SS[0]            |                1 |              4 |
|  in_100MHzClock_IBUF_BUFG | reactionTimerProcessor/stateResultProcessor/testResultSeperator/numberValidDetector/bcdCache_reg[29][1] |                                                                                                   |                1 |              4 |
|  in_100MHzClock_IBUF_BUFG | reactionTimerProcessor/stateResultProcessor/testResultSeperator/numberValidDetector/bcdCache_reg[29][7] |                                                                                                   |                1 |              4 |
|  in_100MHzClock_IBUF_BUFG | reactionTimerProcessor/stateResultProcessor/testResultSeperator/numberValidDetector/bcdCache_reg[29][0] |                                                                                                   |                1 |              4 |
|  in_100MHzClock_IBUF_BUFG | reactionTimerProcessor/stateResultProcessor/testResultSeperator/numberValidDetector/bcdCache_reg[29][5] |                                                                                                   |                1 |              4 |
|  in_100MHzClock_IBUF_BUFG | reactionTimerProcessor/stateResultProcessor/testResultSeperator/numberValidDetector/bcdCache_reg[29][6] |                                                                                                   |                1 |              4 |
|  in_100MHzClock_IBUF_BUFG | reactionTimerProcessor/stateResultProcessor/testResultSeperator/numberValidDetector/bcdCache_reg[29][3] |                                                                                                   |                2 |              4 |
|  in_100MHzClock_IBUF_BUFG | reactionTimerProcessor/stateResultProcessor/testResultSeperator/numberValidDetector/bcdCache_reg[29][2] |                                                                                                   |                1 |              4 |
|  in_100MHzClock_IBUF_BUFG | reactionTimerProcessor/stateResultProcessor/testResultSeperator/numberValidDetector/counter_reg[0][0]   |                                                                                                   |                1 |              5 |
|  in_100MHzClock_IBUF_BUFG | clock1kHz/E[0]                                                                                          | in_reset_IBUF                                                                                     |                1 |              6 |
|  in_100MHzClock_IBUF_BUFG |                                                                                                         | reactionTimerProcessor/stateTestProcessor/testAudioOut/audioHintPwmModem/slowerCounter[7]_i_1_n_0 |                3 |              8 |
|  in_100MHzClock_IBUF_BUFG | reactionTimerProcessor/stateIdleProcessor/idleAnimation/animeClockDetector/E[0]                         | reactionTimerProcessor/stateIdleProcessor/idleAnimation/animeClockDetector/currentFrame_reg[7][0] |                2 |              8 |
|  in_100MHzClock_IBUF_BUFG | reactionTimerProcessor/stateTestProcessor/testAudioOut/audioHintPwmModem/accumulator_0                  | reactionTimerProcessor/stateTestProcessor/testAudioOut/audioHintPwmModem/slowerCounter[7]_i_1_n_0 |                3 |              8 |
|  in_100MHzClock_IBUF_BUFG | in_enable_IBUF                                                                                          | reactionTimerProcessor/stateIdleProcessor/idleAnimation/animeClockDetector/SR[0]                  |                3 |              9 |
|  in_100MHzClock_IBUF_BUFG | reactionTimerProcessor/statePrepareProcessor/gapGeneratorMt19937/mti                                    | in_reset_IBUF                                                                                     |                5 |             10 |
|  in_100MHzClock_IBUF_BUFG | reactionTimerProcessor/startButtonEdge/E[0]                                                             | in_reset_IBUF                                                                                     |                6 |             16 |
|  in_100MHzClock_IBUF_BUFG | testButtonDebouncer/intervalCounter                                                                     | testButtonDebouncer/buttonInDetector/intervalCounter_reg[0]                                       |                5 |             17 |
|  in_100MHzClock_IBUF_BUFG | reactionTimerProcessor/stateTestProcessor/tickCounterDivider/out_result[27]_i_1_n_0                     | in_reset_IBUF                                                                                     |               11 |             28 |
|  in_100MHzClock_IBUF_BUFG | reactionTimerProcessor/stateResultProcessor/testResultSeperator/numberValidDetector/currentNumber       |                                                                                                   |                4 |             28 |
|  in_100MHzClock_IBUF_BUFG | reactionTimerProcessor/stateTestProcessor/signalDelayer/signalInDetector/E[0]                           | in_reset_IBUF                                                                                     |                8 |             29 |
|  in_100MHzClock_IBUF_BUFG | reactionTimerProcessor/statePrepareProcessor/gapGeneratorMt19937/out_data[28]_i_1_n_0                   | in_reset_IBUF                                                                                     |               13 |             29 |
|  in_100MHzClock_IBUF_BUFG | reactionTimerProcessor/statePrepareProcessor/gapGeneratorMt19937/E[0]                                   | in_reset_IBUF                                                                                     |                5 |             29 |
|  in_100MHzClock_IBUF_BUFG | reactionTimerProcessor/stateTestProcessor/tickCounterDivider/out_resultValid7_out                       | in_reset_IBUF                                                                                     |                6 |             29 |
|  in_100MHzClock_IBUF_BUFG | reactionTimerProcessor/stateTestProcessor/tickCounterDivider/helper2[31]_i_1_n_0                        | in_reset_IBUF                                                                                     |               13 |             31 |
|  in_100MHzClock_IBUF_BUFG | reactionTimerProcessor/stateTestProcessor/tickCounterDivider/helper1[31]_i_1_n_0                        | in_reset_IBUF                                                                                     |               13 |             32 |
|  in_100MHzClock_IBUF_BUFG | reactionTimerProcessor/statePrepareProcessor/gapGeneratorMt19937/product                                | in_reset_IBUF                                                                                     |                7 |             32 |
|  in_100MHzClock_IBUF_BUFG | reactionTimerProcessor/stateResultProcessor/testResultSeperator/numberValidDetector/E[0]                | in_reset_IBUF                                                                                     |                6 |             32 |
|  in_100MHzClock_IBUF_BUFG | reactionTimerProcessor/stateTestProcessor/signalDelayer/counter[0]_i_2_n_0                              | reactionTimerProcessor/stateTestProcessor/signalDelayer/signalInDetector/clear                    |                8 |             32 |
|  in_100MHzClock_IBUF_BUFG | in_enable_IBUF                                                                                          | reactionTimerProcessor/statePrepareProcessor/prepareAnimation/clock1Hz/counter[0]_i_1__4_n_0      |                8 |             32 |
|  in_100MHzClock_IBUF_BUFG | in_enable_IBUF                                                                                          | reactionTimerProcessor/stateIdleProcessor/ledAnimeClock/counter[0]_i_1_n_0                        |                8 |             32 |
|  in_100MHzClock_IBUF_BUFG | reactionTimerProcessor/stateResultProcessor/idleCounter/counter[0]_i_2__0_n_0                           | reactionTimerProcessor/stateResultProcessor/idleCounter/signalInDetector/counter_reg[31]          |                8 |             32 |
|  in_100MHzClock_IBUF_BUFG | in_enable_IBUF                                                                                          | clock1kHz/counter[0]_i_1__5_n_0                                                                   |                8 |             32 |
|  in_100MHzClock_IBUF_BUFG | in_enable_IBUF                                                                                          | reactionTimerProcessor/stateResultProcessor/clock1Hz/counter[0]_i_1__1_n_0                        |                8 |             32 |
|  in_100MHzClock_IBUF_BUFG | reactionTimerProcessor/stateTestProcessor/testButton/E[0]                                               | in_reset_IBUF                                                                                     |                6 |             32 |
|  in_100MHzClock_IBUF_BUFG | reactionTimerProcessor/statePrepareProcessor/gapGeneratorLcg/nextDetector/E[0]                          | in_reset_IBUF                                                                                     |               14 |             32 |
|  in_100MHzClock_IBUF_BUFG | reactionTimerProcessor/stateResultProcessor/testResultValidDetector/E[0]                                | in_reset_IBUF                                                                                     |               10 |             33 |
|  in_100MHzClock_IBUF_BUFG | reactionTimerProcessor/stateResultProcessor/E[0]                                                        | in_reset_IBUF                                                                                     |               11 |             33 |
|  in_100MHzClock_IBUF_BUFG | in_enable_IBUF                                                                                          | in_reset_IBUF                                                                                     |               25 |             38 |
|  in_100MHzClock_IBUF_BUFG | reactionTimerProcessor/stateResultProcessor/out_bestTime_reg[0][0]                                      |                                                                                                   |               13 |             60 |
|  in_100MHzClock_IBUF_BUFG |                                                                                                         | in_reset_IBUF                                                                                     |               32 |             65 |
|  in_100MHzClock_IBUF_BUFG |                                                                                                         |                                                                                                   |               30 |             67 |
|  in_100MHzClock_IBUF_BUFG | reactionTimerProcessor/statePrepareProcessor/gapGeneratorMt19937/factor1                                | in_reset_IBUF                                                                                     |               26 |             68 |
+---------------------------+---------------------------------------------------------------------------------------------------------+---------------------------------------------------------------------------------------------------+------------------+----------------+


+--------+-----------------------+
| Fanout | Number of ControlSets |
+--------+-----------------------+
| 2      |                     1 |
| 3      |                     1 |
| 4      |                     9 |
| 5      |                     1 |
| 6      |                     1 |
| 8      |                     3 |
| 9      |                     1 |
| 10     |                     1 |
| 16+    |                    27 |
+--------+-----------------------+


