Copyright 1986-2017 Xilinx, Inc. All Rights Reserved.
----------------------------------------------------------------------------------------------
| Tool Version : Vivado v.2017.4 (win64) Build 2086221 Fri Dec 15 20:55:39 MST 2017
| Date         : Thu Apr 12 11:44:57 2018
| Host         : r103pc04 running 64-bit major release  (build 9200)
| Command      : report_control_sets -verbose -file TOP_reactionTimer_control_sets_placed.rpt
| Design       : TOP_reactionTimer
| Device       : xc7a100t
----------------------------------------------------------------------------------------------

Control Set Information

Table of Contents
-----------------
1. Summary
2. Flip-Flop Distribution
3. Detailed Control Set Information

1. Summary
----------

+----------------------------------------------------------+-------+
|                          Status                          | Count |
+----------------------------------------------------------+-------+
| Number of unique control sets                            |    85 |
| Unused register locations in slices containing registers |   196 |
+----------------------------------------------------------+-------+


2. Flip-Flop Distribution
-------------------------

+--------------+-----------------------+------------------------+-----------------+--------------+
| Clock Enable | Synchronous Set/Reset | Asynchronous Set/Reset | Total Registers | Total Slices |
+--------------+-----------------------+------------------------+-----------------+--------------+
| No           | No                    | No                     |             141 |           81 |
| No           | No                    | Yes                    |               0 |            0 |
| No           | Yes                   | No                     |             165 |           57 |
| Yes          | No                    | No                     |              60 |           18 |
| Yes          | No                    | Yes                    |               0 |            0 |
| Yes          | Yes                   | No                     |            1494 |          536 |
+--------------+-----------------------+------------------------+-----------------+--------------+


3. Detailed Control Set Information
-----------------------------------

+------------------------------------------------------+---------------------------------------------------------------------------------------------------------+------------------------------------------------------------------------------------------------------+------------------+----------------+
|                     Clock Signal                     |                                              Enable Signal                                              |                                           Set/Reset Signal                                           | Slice Load Count | Bel Load Count |
+------------------------------------------------------+---------------------------------------------------------------------------------------------------------+------------------------------------------------------------------------------------------------------+------------------+----------------+
|  in_100MHzClock_IBUF_BUFG                            | reactionTimerProcessor/stateTestProcessor/out_audioSd_reg                                               | resetButtonDebouncer/reset                                                                           |                1 |              2 |
|  clockManager/inst/clk_out2                          |                                                                                                         |                                                                                                      |                2 |              3 |
|  in_100MHzClock_IBUF_BUFG                            | reactionTimerProcessor/stateResultProcessor/E[0]                                                        | resetButtonDebouncer/reset                                                                           |                2 |              3 |
|  in_100MHzClock_IBUF_BUFG                            | reactionTimerProcessor/out_triColorRight[2]_i_1_n_0                                                     | resetButtonDebouncer/reset                                                                           |                2 |              3 |
|  clockManager/inst/clk_out1                          |                                                                                                         |                                                                                                      |                4 |              4 |
|  in_100MHzClock_IBUF_BUFG                            | reactionTimerProcessor/stateResultProcessor/testResultSeperator/numberValidDetector/bcdCache_reg[29][5] |                                                                                                      |                2 |              4 |
|  in_100MHzClock_IBUF_BUFG                            | reactionTimerProcessor/stateResultProcessor/testResultSeperator/numberValidDetector/bcdCache_reg[29][4] |                                                                                                      |                2 |              4 |
|  in_100MHzClock_IBUF_BUFG                            | reactionTimerProcessor/stateResultProcessor/testResultSeperator/numberValidDetector/bcdCache_reg[29][3] |                                                                                                      |                1 |              4 |
|  in_100MHzClock_IBUF_BUFG                            | reactionTimerProcessor/stateResultProcessor/testResultSeperator/numberValidDetector/bcdCache_reg[29][7] |                                                                                                      |                2 |              4 |
|  in_100MHzClock_IBUF_BUFG                            | reactionTimerProcessor/statePrepareProcessor/prepareAnimation/clock1Hz/E[0]                             | reactionTimerProcessor/statePrepareProcessor/prepareAnimation/clock1Hz/SR[0]                         |                1 |              4 |
|  in_100MHzClock_IBUF_BUFG                            | reactionTimerProcessor/statePrepareProcessor/prepareAnimation/animeClockDetector/E[0]                   | reactionTimerProcessor/statePrepareProcessor/prepareAnimation/animeClockDetector/SS[0]               |                1 |              4 |
|  in_100MHzClock_IBUF_BUFG                            | reactionTimerProcessor/stateResultProcessor/testResultSeperator/numberValidDetector/bcdCache_reg[29][1] |                                                                                                      |                2 |              4 |
|  in_100MHzClock_IBUF_BUFG                            | reactionTimerProcessor/stateResultProcessor/testResultSeperator/numberValidDetector/bcdCache_reg[29][2] |                                                                                                      |                2 |              4 |
|  in_100MHzClock_IBUF_BUFG                            | reactionTimerProcessor/stateResultProcessor/testResultSeperator/numberValidDetector/bcdCache_reg[29][6] |                                                                                                      |                1 |              4 |
| ~ps2KeyboardReader/clkDeb/currentData_retimed_reg[0] | ps2KeyboardReader/counter_0                                                                             | resetButtonDebouncer/reset                                                                           |                1 |              4 |
|  in_100MHzClock_IBUF_BUFG                            | reactionTimerProcessor/stateResultProcessor/testResultSeperator/numberValidDetector/bcdCache_reg[29][0] |                                                                                                      |                2 |              4 |
|  in_100MHzClock_IBUF_BUFG                            | reactionTimerProcessor/stateResultProcessor/testResultSeperator/numberValidDetector/counter             | reactionTimerProcessor/stateResultProcessor/testResultSeperator/numberValidDetector/counter_reg[4]   |                1 |              4 |
|  clockManager/inst/clk_out1                          | ps2KeyboardReader/clkDeb/counter[4]_i_1__1_n_0                                                          | resetButtonDebouncer/reset                                                                           |                2 |              5 |
|  clockManager/inst/clk_out1                          | ps2KeyboardReader/dataDeb/counter[4]_i_1__2_n_0                                                         | resetButtonDebouncer/reset                                                                           |                2 |              5 |
|  in_100MHzClock_IBUF_BUFG                            |                                                                                                         | resetButtonDebouncer/lastState_reg[0]                                                                |                2 |              5 |
|  in_100MHzClock_IBUF_BUFG                            | reactionTimerProcessor/out_vramUpdateYPos[4]_i_1_n_0                                                    | resetButtonDebouncer/reset                                                                           |                1 |              5 |
|  clockManager/inst/clk_out2                          | vgaPortDriver/out_charYPos[4]_i_1_n_0                                                                   | vgaPortDriver/x_charBasePos[10]_i_1_n_0                                                              |                2 |              5 |
|  clockManager/inst/clk_out2                          | vgaPortDriver/x_charPixelPos[6]_i_2_n_0                                                                 | vgaPortDriver/x_charPixelPos                                                                         |                2 |              7 |
|  in_100MHzClock_IBUF_BUFG                            | reactionTimerProcessor/stateResultProcessor/resultLevelGPwmModem/accumulator                            | resetButtonDebouncer/slowerCounter_reg[0]                                                            |                2 |              8 |
|  in_100MHzClock_IBUF_BUFG                            | reactionTimerProcessor/out_leds[15]_i_1__0_n_0                                                          | resetButtonDebouncer/reset                                                                           |                2 |              8 |
|  in_100MHzClock_IBUF_BUFG                            | reactionTimerProcessor/stateResultProcessor/resultLevelRPwmModem/accumulator_1                          | resetButtonDebouncer/slowerCounter_reg[0]                                                            |                2 |              8 |
|  clockManager/inst/clk_out2                          | vgaPortDriver/x_charBasePos[10]_i_2_n_0                                                                 | vgaPortDriver/x_charBasePos[10]_i_1_n_0                                                              |                2 |              8 |
|  in_100MHzClock_IBUF_BUFG                            | reactionTimerProcessor/stateTestProcessor/testAudioOut/audioHintPwmModem/accumulator_0                  | reactionTimerProcessor/stateTestProcessor/testAudioOut/audioHintPwmModem/slowerCounter[7]_i_1__1_n_0 |                2 |              8 |
|  ps2KeyboardReader/dataComplete                      | ps2KeyboardReader/out_data[7]_i_1_n_0                                                                   | resetButtonDebouncer/reset                                                                           |                2 |              8 |
|  in_100MHzClock_IBUF_BUFG                            | reactionTimerProcessor/stateResultProcessor/resultLevelGPwmModem/lastAudioSample[7]_i_1__0_n_0          | resetButtonDebouncer/reset                                                                           |                2 |              8 |
|  in_100MHzClock_IBUF_BUFG                            |                                                                                                         | reactionTimerProcessor/stateTestProcessor/testAudioOut/audioHintPwmModem/slowerCounter[7]_i_1__1_n_0 |                2 |              8 |
|  in_100MHzClock_IBUF_BUFG                            | reactionTimerProcessor/stateResultProcessor/resultLevelRPwmModem/lastAudioSample[7]_i_1__1_n_0          | resetButtonDebouncer/reset                                                                           |                2 |              8 |
|  in_100MHzClock_IBUF_BUFG                            | reactionTimerProcessor/stateIdleProcessor/resultLevelBPwmModem/accumulator                              | resetButtonDebouncer/slowerCounter_reg[0]_0                                                          |                2 |              8 |
|  in_100MHzClock_IBUF_BUFG                            | reactionTimerProcessor/stateIdleProcessor/resultLevelRPwmModem/accumulator_1                            | resetButtonDebouncer/slowerCounter_reg[0]_0                                                          |                2 |              8 |
|  in_100MHzClock_IBUF_BUFG                            | reactionTimerProcessor/stateIdleProcessor/resultLevelBPwmModem/lastAudioSample[7]_i_1__4_n_0            | resetButtonDebouncer/reset                                                                           |                2 |              8 |
|  in_100MHzClock_IBUF_BUFG                            | reactionTimerProcessor/stateIdleProcessor/resultLevelGPwmModem/lastAudioSample[7]_i_1__3_n_0            | resetButtonDebouncer/reset                                                                           |                3 |              8 |
|  in_100MHzClock_IBUF_BUFG                            | reactionTimerProcessor/stateResultProcessor/resultLevelBPwmModem/lastAudioSample[7]_i_1_n_0             | resetButtonDebouncer/reset                                                                           |                1 |              8 |
|  in_100MHzClock_IBUF_BUFG                            | reactionTimerProcessor/stateIdleProcessor/resultLevelRPwmModem/lastAudioSample[7]_i_1__2_n_0            | resetButtonDebouncer/reset                                                                           |                1 |              8 |
|  in_100MHzClock_IBUF_BUFG                            | reactionTimerProcessor/stateIdleProcessor/ledAnimeClock/E[0]                                            | reactionTimerProcessor/stateIdleProcessor/idleAnimation/currentFrame[7]_i_1_n_0                      |                2 |              8 |
|  in_100MHzClock_IBUF_BUFG                            | reactionTimerProcessor/stateResultProcessor/resultLevelBPwmModem/accumulator                            | resetButtonDebouncer/slowerCounter_reg[0]                                                            |                2 |              8 |
|  in_100MHzClock_IBUF_BUFG                            | reactionTimerProcessor/stateIdleProcessor/bestResultLevelB[7]_i_2_n_0                                   | reactionTimerProcessor/stateTestProcessor/bestResultLevelB                                           |                3 |              8 |
|  in_100MHzClock_IBUF_BUFG                            | reactionTimerProcessor/stateIdleProcessor/resultLevelGPwmModem/accumulator                              | resetButtonDebouncer/slowerCounter_reg[0]_0                                                          |                2 |              8 |
|  in_100MHzClock_IBUF_BUFG                            | in_enable_IBUF                                                                                          | resetButtonDebouncer/SR[0]                                                                           |                3 |              9 |
|  in_100MHzClock_IBUF_BUFG                            | reactionTimerProcessor/statePrepareProcessor/gapGeneratorMt19937/mtVector_reg_1_i_1_n_0                 | resetButtonDebouncer/reset                                                                           |                5 |             10 |
|  clockManager/inst/clk_out2                          | in_enable_IBUF                                                                                          | resetButtonDebouncer/reset                                                                           |                5 |             11 |
|  clockManager/inst/clk_out2                          | vgaPortDriver/y_counter[10]_i_1_n_0                                                                     | resetButtonDebouncer/reset                                                                           |                4 |             11 |
|  clockManager/inst/clk_out2                          | vgaPortDriver/out_charXPos[6]_i_1_n_0                                                                   | vgaPortDriver/x_charPixelPos                                                                         |                9 |             12 |
|  in_100MHzClock_IBUF_BUFG                            | reactionTimerProcessor/stateIdleProcessor/bestResultLevelR                                              | reactionTimerProcessor/stateIdleProcessor/bestResultLevelR[7]_i_1_n_0                                |                6 |             16 |
|  in_100MHzClock_IBUF_BUFG                            | testButtonDebouncer/intervalCounter                                                                     | testButtonDebouncer/buttonInDetector/intervalCounter_reg[0]                                          |                5 |             17 |
| ~ps2KeyboardReader/clkDeb/currentData_retimed_reg[0] |                                                                                                         |                                                                                                      |               10 |             17 |
|  in_100MHzClock_IBUF_BUFG                            | clock1kHz/E[0]                                                                                          | resetButtonDebouncer/reset                                                                           |                4 |             18 |
|  in_100MHzClock_IBUF_BUFG                            |                                                                                                         | resetButtonDebouncer/slowerCounter_reg[0]_0                                                          |                6 |             24 |
|  in_100MHzClock_IBUF_BUFG                            |                                                                                                         | resetButtonDebouncer/slowerCounter_reg[0]                                                            |                6 |             24 |
|  in_100MHzClock_IBUF_BUFG                            | reactionTimerProcessor/stateResultProcessor/testResultValidDetector/pwmModemEnable_reg[0]               | resetButtonDebouncer/reset                                                                           |                9 |             25 |
|  in_100MHzClock_IBUF_BUFG                            | reactionTimerProcessor/stateResultProcessor/testResultSeperator/numberValidDetector/currentNumber       |                                                                                                      |                4 |             28 |
|  in_100MHzClock_IBUF_BUFG                            | reactionTimerProcessor/stateTestProcessor/tickCounterDivider/out_result[27]_i_1_n_0                     | resetButtonDebouncer/reset                                                                           |                7 |             28 |
|  in_100MHzClock_IBUF_BUFG                            | reactionTimerProcessor/stateTestProcessor/signalDelayer/signalInDetector/limits_reg[0][0]               | resetButtonDebouncer/reset                                                                           |                8 |             29 |
|  in_100MHzClock_IBUF_BUFG                            | reactionTimerProcessor/statePrepareProcessor/gapGeneratorLcg/originalDelay_reg[0][0]                    | resetButtonDebouncer/reset                                                                           |                6 |             29 |
|  in_100MHzClock_IBUF_BUFG                            | reactionTimerProcessor/statePrepareProcessor/gapGeneratorLcg/out_delay_reg[0]                           | resetButtonDebouncer/reset                                                                           |                8 |             29 |
|  in_100MHzClock_IBUF_BUFG                            | reactionTimerProcessor/stateTestProcessor/startDetector/E[0]                                            | resetButtonDebouncer/reset                                                                           |                6 |             29 |
|  in_100MHzClock_IBUF_BUFG                            | reactionTimerProcessor/statePrepareProcessor/gapGeneratorMt19937/out_data[31]_i_1_n_0                   | resetButtonDebouncer/reset                                                                           |               17 |             29 |
|  in_100MHzClock_IBUF_BUFG                            | reactionTimerProcessor/stateTestProcessor/tickCounterDivider/helper2[31]_i_1_n_0                        | resetButtonDebouncer/reset                                                                           |               11 |             31 |
|  in_100MHzClock_IBUF_BUFG                            | reactionTimerProcessor/stateTestProcessor/tickCounterDivider/helper1[31]_i_1_n_0                        | resetButtonDebouncer/reset                                                                           |               14 |             32 |
|  in_100MHzClock_IBUF_BUFG                            | reactionTimerProcessor/stateResultProcessor/idleCounter/signalInDetector/E[0]                           | resetButtonDebouncer/lastState_reg[0]                                                                |                7 |             32 |
|  in_100MHzClock_IBUF_BUFG                            | reactionTimerProcessor/statePrepareProcessor/gapGeneratorLcg/seedReadyDetector/E[0]                     | resetButtonDebouncer/reset                                                                           |               14 |             32 |
|  in_100MHzClock_IBUF_BUFG                            | resetButtonDebouncer/clockEnable/fallingCounter                                                         | resetButtonDebouncer/clockEnableDetector/fallingCounter_reg[0]                                       |                8 |             32 |
|  in_100MHzClock_IBUF_BUFG                            | reactionTimerProcessor/stateTestProcessor/signalDelayer/signalInDetector/E[0]                           | resetButtonDebouncer/reset                                                                           |                5 |             32 |
|  in_100MHzClock_IBUF_BUFG                            | reactionTimerProcessor/stateTestProcessor/testButton/E[0]                                               | resetButtonDebouncer/reset                                                                           |                8 |             32 |
|  in_100MHzClock_IBUF_BUFG                            |                                                                                                         | resetButtonDebouncer/clockEnable/counter[0]_i_1__9_n_0                                               |                8 |             32 |
|  in_100MHzClock_IBUF_BUFG                            | reactionTimerProcessor/statePrepareProcessor/gapGeneratorMt19937/product                                | resetButtonDebouncer/reset                                                                           |                5 |             32 |
|  in_100MHzClock_IBUF_BUFG                            | microphoneNoiseInput/out_mcData[31]_i_1_n_0                                                             | resetButtonDebouncer/reset                                                                           |                9 |             32 |
|  in_100MHzClock_IBUF_BUFG                            | resetButtonDebouncer/latchedCounter                                                                     | resetButtonDebouncer/latchedCounter[0]_i_1_n_0                                                       |                8 |             32 |
|  in_100MHzClock_IBUF_BUFG                            | in_enable_IBUF                                                                                          | reactionTimerProcessor/statePrepareProcessor/prepareAnimation/clock1Hz/counter[0]_i_1__0_n_0         |                8 |             32 |
|  in_100MHzClock_IBUF_BUFG                            | in_enable_IBUF                                                                                          | reactionTimerProcessor/stateResultProcessor/clock1Hz/counter[0]_i_1__2_n_0                           |                8 |             32 |
|  in_100MHzClock_IBUF_BUFG                            | in_enable_IBUF                                                                                          | resetButtonDebouncer/counter_reg[31]                                                                 |                8 |             32 |
|  in_100MHzClock_IBUF_BUFG                            | in_enable_IBUF                                                                                          | resetButtonDebouncer/counter_reg[31]_0                                                               |                8 |             32 |
|  in_100MHzClock_IBUF_BUFG                            | reactionTimerProcessor/stateResultProcessor/testResultSeperator/numberValidDetector/E[0]                | resetButtonDebouncer/reset                                                                           |                6 |             32 |
|  in_100MHzClock_IBUF_BUFG                            | reactionTimerProcessor/stateResultProcessor/testResultValidDetector/E[0]                                | resetButtonDebouncer/reset                                                                           |               11 |             33 |
|  in_100MHzClock_IBUF_BUFG                            | reactionTimerProcessor/stateResultProcessor/out_ssdDots_reg[7]_1[0]                                     | resetButtonDebouncer/reset                                                                           |               12 |             33 |
|  in_100MHzClock_IBUF_BUFG                            | reactionTimerProcessor/stateIdleProcessor/out_bestTime_reg[0]_0                                         | reactionTimerProcessor/stateIdleProcessor/bestResultLevelR[7]_i_1_n_0                                |               21 |             60 |
|  in_100MHzClock_IBUF_BUFG                            | reactionTimerProcessor/statePrepareProcessor/gapGeneratorMt19937/factor1                                | resetButtonDebouncer/reset                                                                           |               23 |             68 |
|  in_100MHzClock_IBUF_BUFG                            |                                                                                                         | resetButtonDebouncer/reset                                                                           |               33 |             72 |
|  in_100MHzClock_IBUF_BUFG                            |                                                                                                         |                                                                                                      |               65 |            117 |
|  clockManager/inst/clk_out2                          | vgaPortDriver/currentCharPixel[0]_i_1_n_0                                                               | resetButtonDebouncer/reset                                                                           |               40 |            127 |
|  in_100MHzClock_IBUF_BUFG                            | in_enable_IBUF                                                                                          | resetButtonDebouncer/reset                                                                           |              146 |            197 |
+------------------------------------------------------+---------------------------------------------------------------------------------------------------------+------------------------------------------------------------------------------------------------------+------------------+----------------+


+--------+-----------------------+
| Fanout | Number of ControlSets |
+--------+-----------------------+
| 2      |                     1 |
| 3      |                     3 |
| 4      |                    13 |
| 5      |                     5 |
| 7      |                     1 |
| 8      |                    19 |
| 9      |                     1 |
| 10     |                     1 |
| 11     |                     2 |
| 12     |                     1 |
| 16+    |                    38 |
+--------+-----------------------+


